
[0m[0m
[0m  Locate route[0m
  [32m  âœ“[0m[90m should start the direct connection [0m


[92m [0m[32m 1 passing[0m[90m (2ms)[0m
